
> kkudochal@0.1.0 build
> next build

⚠ No build cache found. Please configure build caching for faster rebuilds. Read more: https://nextjs.org/docs/messages/no-cache
Attention: Next.js now collects completely anonymous telemetry regarding usage.
This information is used to shape Next.js' roadmap and prioritize features.
You can learn more, including how to opt-out if you'd not like to participate in this anonymous program, by visiting the following URL:
https://nextjs.org/telemetry

▲ Next.js 16.2.4 (Turbopack)

  Creating an optimized production build ...
✓ Compiled successfully in 15.4s
  Running TypeScript ...
Failed to type check.

./next.config.ts:11:3
Type error: Object literal may only specify known properties, and 'eslint' does not exist in type 'NextConfig'.

  [90m 9 |[0m   },
  [90m10 |[0m   [90m// 빌드 시 사소한 경고나 타입 체크로 실패하는 것을 방지하는 방어 코드[0m
[31m[1m>[0m [90m11 |[0m   eslint: {
  [90m   |[0m   [31m[1m^[0m
  [90m12 |[0m     ignoreDuringBuilds: [36mtrue[0m,
  [90m13 |[0m   },
  [90m14 |[0m   typescript: {
Next.js build worker exited with code: 1 and signal: null
